[     227ms] [ERROR] Failed to load resource: the server responded with a status of 404 (File not found) @ http://localhost:4041/images/hero-collection-v2.png:0
[     819ms] [ERROR] Failed to load resource: the server responded with a status of 404 (File not found) @ http://localhost:4041/api/inventory:0
[     827ms] [ERROR] [INVENTORY] fetch failed: Unexpected token '<', "<!DOCTYPE "... is not valid JSON @ http://localhost:4041/script.js?v=5:162
[     835ms] [ERROR] Failed to load resource: the server responded with a status of 404 (File not found) @ http://localhost:4041/images/1776389497734.png:0
[     836ms] [ERROR] Failed to load resource: the server responded with a status of 404 (File not found) @ http://localhost:4041/images/1776389553933.png:0
[    1258ms] [ERROR] Failed to load resource: the server responded with a status of 404 (File not found) @ http://localhost:4041/favicon.ico:0
[   15036ms] TypeError: Cannot read properties of null (reading 'classList')
    at window.addEventListener.passive (http://localhost:4041/script.js?v=5:249:17)
[   15055ms] TypeError: Cannot read properties of null (reading 'classList')
    at window.addEventListener.passive (http://localhost:4041/script.js?v=5:249:17)
[   16050ms] TypeError: Cannot read properties of null (reading 'classList')
    at window.addEventListener.passive (http://localhost:4041/script.js?v=5:246:17)
[   29518ms] TypeError: Cannot read properties of null (reading 'classList')
    at window.addEventListener.passive (http://localhost:4041/script.js?v=5:246:17)
[   29535ms] TypeError: Cannot read properties of null (reading 'classList')
    at window.addEventListener.passive (http://localhost:4041/script.js?v=5:246:17)
[   29551ms] TypeError: Cannot read properties of null (reading 'classList')
    at window.addEventListener.passive (http://localhost:4041/script.js?v=5:246:17)
[   30552ms] TypeError: Cannot read properties of null (reading 'classList')
    at window.addEventListener.passive (http://localhost:4041/script.js?v=5:246:17)
[   37303ms] TypeError: Cannot read properties of null (reading 'classList')
    at window.addEventListener.passive (http://localhost:4041/script.js?v=5:246:17)
[   37319ms] TypeError: Cannot read properties of null (reading 'classList')
    at window.addEventListener.passive (http://localhost:4041/script.js?v=5:246:17)
[   38334ms] TypeError: Cannot read properties of null (reading 'classList')
    at window.addEventListener.passive (http://localhost:4041/script.js?v=5:246:17)
[   51101ms] TypeError: Cannot read properties of null (reading 'classList')
    at window.addEventListener.passive (http://localhost:4041/script.js?v=5:246:17)
[   51118ms] TypeError: Cannot read properties of null (reading 'classList')
    at window.addEventListener.passive (http://localhost:4041/script.js?v=5:246:17)
[   52135ms] TypeError: Cannot read properties of null (reading 'classList')
    at window.addEventListener.passive (http://localhost:4041/script.js?v=5:246:17)
[   78659ms] TypeError: Cannot read properties of null (reading 'classList')
    at window.addEventListener.passive (http://localhost:4041/script.js?v=5:246:17)
[   83215ms] TypeError: Cannot read properties of null (reading 'classList')
    at window.addEventListener.passive (http://localhost:4041/script.js?v=5:249:17)
[   84215ms] TypeError: Cannot read properties of null (reading 'classList')
    at window.addEventListener.passive (http://localhost:4041/script.js?v=5:249:17)
[   90515ms] TypeError: Cannot read properties of null (reading 'classList')
    at window.addEventListener.passive (http://localhost:4041/script.js?v=5:249:17)
[   90532ms] TypeError: Cannot read properties of null (reading 'classList')
    at window.addEventListener.passive (http://localhost:4041/script.js?v=5:249:17)
[   90548ms] TypeError: Cannot read properties of null (reading 'classList')
    at window.addEventListener.passive (http://localhost:4041/script.js?v=5:249:17)
[   91549ms] TypeError: Cannot read properties of null (reading 'classList')
    at window.addEventListener.passive (http://localhost:4041/script.js?v=5:249:17)
